[24-Jun-2026 10:48:24 Asia/Shanghai] DEBUG: handleApi action=get_resources method=GET
[24-Jun-2026 10:48:24 Asia/Shanghai] DEBUG: handleApi action=get_stats method=GET
[24-Jun-2026 10:48:24 Asia/Shanghai] DEBUG: handleApi action=list_channels method=GET
[24-Jun-2026 10:48:24 Asia/Shanghai] DEBUG: handleApi action=get_employees method=GET
[24-Jun-2026 10:48:24 Asia/Shanghai] DEBUG: handleApi action=list_organizations method=GET
[24-Jun-2026 10:48:27 Asia/Shanghai] DEBUG: handleApi action=list_courses method=GET
[24-Jun-2026 10:48:27 Asia/Shanghai] DEBUG: handleApi action=list_organizations method=GET
[24-Jun-2026 10:48:48 Asia/Shanghai] DEBUG: handleApi action=add_class method=POST
[24-Jun-2026 10:48:48 Asia/Shanghai] DEBUG: add_class reached, method=POST
[24-Jun-2026 10:48:48 Asia/Shanghai] DEBUG: handleApi action=list_classes method=GET
[24-Jun-2026 10:48:48 Asia/Shanghai] DEBUG: handleApi action=get_stats method=GET
[24-Jun-2026 10:48:53 Asia/Shanghai] DEBUG: handleApi action=list_courses method=GET
[24-Jun-2026 10:48:53 Asia/Shanghai] DEBUG: handleApi action=list_organizations method=GET
[24-Jun-2026 10:48:53 Asia/Shanghai] DEBUG: handleApi action=list_classes method=GET
[24-Jun-2026 10:49:01 Asia/Shanghai] DEBUG: handleApi action=update_class method=POST
[24-Jun-2026 10:49:01 Asia/Shanghai] DEBUG: handleApi action=list_classes method=GET
[24-Jun-2026 10:49:01 Asia/Shanghai] DEBUG: handleApi action=get_stats method=GET
[24-Jun-2026 10:49:02 Asia/Shanghai] DEBUG: handleApi action=list_courses method=GET
[24-Jun-2026 10:49:02 Asia/Shanghai] DEBUG: handleApi action=list_organizations method=GET
[24-Jun-2026 10:49:02 Asia/Shanghai] DEBUG: handleApi action=list_classes method=GET
[24-Jun-2026 10:49:05 Asia/Shanghai] DEBUG: handleApi action=list_courses method=GET
[24-Jun-2026 10:49:05 Asia/Shanghai] DEBUG: handleApi action=list_organizations method=GET
[24-Jun-2026 10:49:23 Asia/Shanghai] DEBUG: handleApi action=add_class method=POST
[24-Jun-2026 10:49:23 Asia/Shanghai] DEBUG: add_class reached, method=POST
[24-Jun-2026 10:49:23 Asia/Shanghai] DEBUG: handleApi action=list_classes method=GET
[24-Jun-2026 10:49:23 Asia/Shanghai] DEBUG: handleApi action=get_stats method=GET
[24-Jun-2026 10:49:25 Asia/Shanghai] DEBUG: handleApi action=list_courses method=GET
[24-Jun-2026 10:49:25 Asia/Shanghai] DEBUG: handleApi action=list_organizations method=GET
[24-Jun-2026 10:49:25 Asia/Shanghai] DEBUG: handleApi action=list_classes method=GET
[24-Jun-2026 10:49:38 Asia/Shanghai] DEBUG: handleApi action=list_courses method=GET
[24-Jun-2026 10:49:38 Asia/Shanghai] DEBUG: handleApi action=list_organizations method=GET
[24-Jun-2026 10:49:38 Asia/Shanghai] DEBUG: handleApi action=list_classes method=GET
[24-Jun-2026 10:49:43 Asia/Shanghai] DEBUG: handleApi action=list_students method=GET
[24-Jun-2026 10:49:47 Asia/Shanghai] DEBUG: handleApi action=list_courses method=GET
[24-Jun-2026 10:49:48 Asia/Shanghai] DEBUG: handleApi action=list_organizations method=GET
[24-Jun-2026 10:49:48 Asia/Shanghai] DEBUG: handleApi action=list_classes method=GET
[24-Jun-2026 10:53:11 Asia/Shanghai] DEBUG: handleApi action=get_resources method=GET
[24-Jun-2026 10:53:11 Asia/Shanghai] DEBUG: handleApi action=get_stats method=GET
[24-Jun-2026 10:53:11 Asia/Shanghai] DEBUG: handleApi action=list_channels method=GET
[24-Jun-2026 10:53:11 Asia/Shanghai] DEBUG: handleApi action=get_employees method=GET
[24-Jun-2026 10:53:11 Asia/Shanghai] DEBUG: handleApi action=list_organizations method=GET
[24-Jun-2026 10:53:15 Asia/Shanghai] DEBUG: handleApi action=get_resources method=GET
[24-Jun-2026 10:53:15 Asia/Shanghai] DEBUG: handleApi action=get_stats method=GET
[24-Jun-2026 10:53:15 Asia/Shanghai] DEBUG: handleApi action=list_channels method=GET
[24-Jun-2026 10:53:15 Asia/Shanghai] DEBUG: handleApi action=get_employees method=GET
[24-Jun-2026 10:53:15 Asia/Shanghai] DEBUG: handleApi action=list_organizations method=GET
[24-Jun-2026 10:53:20 Asia/Shanghai] DEBUG: handleApi action=list_classes method=GET
[24-Jun-2026 10:53:22 Asia/Shanghai] DEBUG: handleApi action=list_courses method=GET
[24-Jun-2026 10:53:22 Asia/Shanghai] DEBUG: handleApi action=list_organizations method=GET
[24-Jun-2026 10:53:22 Asia/Shanghai] DEBUG: handleApi action=list_classes method=GET
[24-Jun-2026 11:02:01 Asia/Shanghai] DEBUG: handleApi action=list_schedules method=GET
[24-Jun-2026 11:02:13 Asia/Shanghai] DEBUG: handleApi action=add_schedule method=POST
[24-Jun-2026 11:02:20 Asia/Shanghai] DEBUG: handleApi action=list_schedules method=GET
[24-Jun-2026 11:02:31 Asia/Shanghai] DEBUG: handleApi action=get_schedule method=GET
[24-Jun-2026 11:02:31 Asia/Shanghai] DEBUG: handleApi action=update_schedule method=POST
[24-Jun-2026 11:02:31 Asia/Shanghai] DEBUG: handleApi action=delete_schedule method=POST
[24-Jun-2026 11:05:39 Asia/Shanghai] DEBUG: handleApi action=get_resources method=GET
[24-Jun-2026 11:05:39 Asia/Shanghai] DEBUG: handleApi action=get_stats method=GET
[24-Jun-2026 11:05:39 Asia/Shanghai] DEBUG: handleApi action=list_channels method=GET
[24-Jun-2026 11:05:39 Asia/Shanghai] DEBUG: handleApi action=get_employees method=GET
[24-Jun-2026 11:05:39 Asia/Shanghai] DEBUG: handleApi action=list_organizations method=GET
[24-Jun-2026 11:05:43 Asia/Shanghai] DEBUG: handleApi action=list_classes method=GET
[24-Jun-2026 11:05:48 Asia/Shanghai] DEBUG: handleApi action=list_employees method=GET
[24-Jun-2026 11:05:48 Asia/Shanghai] DEBUG: handleApi action=list_organizations method=GET
[24-Jun-2026 11:06:54 Asia/Shanghai] DEBUG: handleApi action=add_schedule method=POST
[24-Jun-2026 11:06:54 Asia/Shanghai] DEBUG: handleApi action=list_classes method=GET
[24-Jun-2026 11:06:57 Asia/Shanghai] DEBUG: handleApi action=list_courses method=GET
[24-Jun-2026 11:06:57 Asia/Shanghai] DEBUG: handleApi action=list_organizations method=GET
[24-Jun-2026 11:06:58 Asia/Shanghai] DEBUG: handleApi action=list_classes method=GET
[24-Jun-2026 11:27:47 Asia/Shanghai] DEBUG: handleApi action=add_classroom method=POST
[24-Jun-2026 11:27:47 Asia/Shanghai] DEBUG: handleApi action=list_classrooms method=GET
[24-Jun-2026 11:27:47 Asia/Shanghai] DEBUG: handleApi action=add_classroom method=POST
[24-Jun-2026 11:27:47 Asia/Shanghai] DEBUG: handleApi action=add_classroom method=POST
[24-Jun-2026 11:31:51 Asia/Shanghai] DEBUG: handleApi action=update_classroom method=POST
[24-Jun-2026 11:31:51 Asia/Shanghai] DEBUG: handleApi action=list_classrooms method=GET
[24-Jun-2026 11:31:51 Asia/Shanghai] DEBUG: handleApi action=list_classrooms method=GET
[24-Jun-2026 11:32:49 Asia/Shanghai] DEBUG: handleApi action=list_classrooms method=GET
[24-Jun-2026 11:32:49 Asia/Shanghai] DEBUG: handleApi action=delete_classroom method=POST
[24-Jun-2026 11:32:49 Asia/Shanghai] DEBUG: handleApi action=list_classrooms method=GET
[24-Jun-2026 11:33:54 Asia/Shanghai] DEBUG: handleApi action=add_classroom method=POST
[24-Jun-2026 11:33:54 Asia/Shanghai] DEBUG: handleApi action=add_classroom method=POST
[24-Jun-2026 11:33:54 Asia/Shanghai] DEBUG: handleApi action=update_classroom method=POST
[24-Jun-2026 11:33:54 Asia/Shanghai] DEBUG: handleApi action=update_classroom method=POST
[24-Jun-2026 11:33:54 Asia/Shanghai] DEBUG: handleApi action=list_classrooms method=GET
[24-Jun-2026 11:34:48 Asia/Shanghai] DEBUG: handleApi action=get_resources method=GET
[24-Jun-2026 11:34:48 Asia/Shanghai] DEBUG: handleApi action=get_stats method=GET
[24-Jun-2026 11:34:48 Asia/Shanghai] DEBUG: handleApi action=list_channels method=GET
[24-Jun-2026 11:34:48 Asia/Shanghai] DEBUG: handleApi action=list_organizations method=GET
[24-Jun-2026 11:34:48 Asia/Shanghai] DEBUG: handleApi action=get_employees method=GET
[24-Jun-2026 11:34:50 Asia/Shanghai] DEBUG: handleApi action=list_classrooms method=GET
[24-Jun-2026 11:35:01 Asia/Shanghai] DEBUG: handleApi action=list_classes method=GET
[24-Jun-2026 11:35:40 Asia/Shanghai] DEBUG: handleApi action=list_employees method=GET
[24-Jun-2026 11:35:40 Asia/Shanghai] DEBUG: handleApi action=list_classrooms method=GET
[24-Jun-2026 11:35:48 Asia/Shanghai] DEBUG: handleApi action=list_employees method=GET
[24-Jun-2026 11:35:48 Asia/Shanghai] DEBUG: handleApi action=list_classrooms method=GET
[24-Jun-2026 11:37:31 Asia/Shanghai] DEBUG: handleApi action=list_courses method=GET
[24-Jun-2026 11:37:32 Asia/Shanghai] DEBUG: handleApi action=get_resources method=GET
[24-Jun-2026 11:37:32 Asia/Shanghai] DEBUG: handleApi action=get_stats method=GET
[24-Jun-2026 11:37:32 Asia/Shanghai] DEBUG: handleApi action=list_channels method=GET
[24-Jun-2026 11:37:32 Asia/Shanghai] DEBUG: handleApi action=get_employees method=GET
[24-Jun-2026 11:37:32 Asia/Shanghai] DEBUG: handleApi action=list_organizations method=GET
[24-Jun-2026 11:38:12 Asia/Shanghai] DEBUG: handleApi action=list_classes method=GET
[24-Jun-2026 11:44:15 Asia/Shanghai] DEBUG: handleApi action=list_employees method=GET
[24-Jun-2026 11:44:15 Asia/Shanghai] DEBUG: handleApi action=list_classrooms method=GET
[24-Jun-2026 11:51:39 Asia/Shanghai] DEBUG: handleApi action=get_resources method=GET
[24-Jun-2026 11:51:39 Asia/Shanghai] DEBUG: handleApi action=get_stats method=GET
[24-Jun-2026 11:51:39 Asia/Shanghai] DEBUG: handleApi action=list_channels method=GET
[24-Jun-2026 11:51:39 Asia/Shanghai] DEBUG: handleApi action=get_employees method=GET
[24-Jun-2026 11:51:39 Asia/Shanghai] DEBUG: handleApi action=list_organizations method=GET
[24-Jun-2026 11:51:41 Asia/Shanghai] DEBUG: handleApi action=list_classes method=GET
[24-Jun-2026 11:51:43 Asia/Shanghai] DEBUG: handleApi action=list_employees method=GET
[24-Jun-2026 11:51:43 Asia/Shanghai] DEBUG: handleApi action=list_classrooms method=GET
[24-Jun-2026 11:53:26 Asia/Shanghai] DEBUG: handleApi action=get_resources method=GET
[24-Jun-2026 11:53:31 Asia/Shanghai] DEBUG: handleApi action=list_courses method=GET
[24-Jun-2026 11:53:34 Asia/Shanghai] DEBUG: handleApi action=list_classes method=GET
[24-Jun-2026 11:53:35 Asia/Shanghai] DEBUG: handleApi action=list_employees method=GET
[24-Jun-2026 11:53:35 Asia/Shanghai] DEBUG: handleApi action=list_classrooms method=GET
[24-Jun-2026 11:54:30 Asia/Shanghai] DEBUG: handleApi action=list_orders method=GET
[24-Jun-2026 11:54:45 Asia/Shanghai] DEBUG: handleApi action=list_courses method=GET
[24-Jun-2026 11:54:48 Asia/Shanghai] DEBUG: handleApi action=list_students method=GET
[24-Jun-2026 11:54:49 Asia/Shanghai] DEBUG: handleApi action=get_student method=GET
[24-Jun-2026 11:54:49 Asia/Shanghai] DEBUG: handleApi action=list_courses method=GET
[24-Jun-2026 11:54:51 Asia/Shanghai] DEBUG: handleApi action=get_course_plans method=GET
[24-Jun-2026 11:54:55 Asia/Shanghai] DEBUG: handleApi action=get_course_plans method=GET
[24-Jun-2026 11:55:12 Asia/Shanghai] DEBUG: handleApi action=pay_enroll method=POST
[24-Jun-2026 11:55:12 Asia/Shanghai] DEBUG: handleApi action=get_student method=GET
[24-Jun-2026 11:55:12 Asia/Shanghai] DEBUG: handleApi action=get_student_courses method=GET
[24-Jun-2026 11:55:15 Asia/Shanghai] DEBUG: handleApi action=list_orders method=GET
[24-Jun-2026 11:55:42 Asia/Shanghai] DEBUG: handleApi action=list_classes method=GET
[24-Jun-2026 11:55:47 Asia/Shanghai] DEBUG: handleApi action=get_resources method=GET
[24-Jun-2026 11:55:47 Asia/Shanghai] DEBUG: handleApi action=get_stats method=GET
[24-Jun-2026 11:55:47 Asia/Shanghai] DEBUG: handleApi action=list_channels method=GET
[24-Jun-2026 11:55:47 Asia/Shanghai] DEBUG: handleApi action=get_employees method=GET
[24-Jun-2026 11:55:47 Asia/Shanghai] DEBUG: handleApi action=list_organizations method=GET
[24-Jun-2026 11:55:49 Asia/Shanghai] DEBUG: handleApi action=list_classes method=GET
[24-Jun-2026 11:55:50 Asia/Shanghai] DEBUG: handleApi action=list_employees method=GET
[24-Jun-2026 11:55:50 Asia/Shanghai] DEBUG: handleApi action=list_classrooms method=GET
[24-Jun-2026 11:56:05 Asia/Shanghai] DEBUG: handleApi action=list_subjects method=GET
[24-Jun-2026 11:56:08 Asia/Shanghai] DEBUG: handleApi action=get_employees method=GET
[24-Jun-2026 11:56:09 Asia/Shanghai] DEBUG: handleApi action=get_employees method=GET
[24-Jun-2026 11:56:09 Asia/Shanghai] DEBUG: handleApi action=list_organizations method=GET
[24-Jun-2026 11:56:09 Asia/Shanghai] DEBUG: handleApi action=list_positions method=GET
[24-Jun-2026 11:56:41 Asia/Shanghai] DEBUG: handleApi action=list_orders method=GET
[24-Jun-2026 14:11:42 Asia/Shanghai] DEBUG: handleApi action=get_resources method=GET
[24-Jun-2026 14:11:42 Asia/Shanghai] DEBUG: handleApi action=get_stats method=GET
[24-Jun-2026 14:11:42 Asia/Shanghai] DEBUG: handleApi action=list_channels method=GET
[24-Jun-2026 14:11:42 Asia/Shanghai] DEBUG: handleApi action=get_employees method=GET
[24-Jun-2026 14:11:42 Asia/Shanghai] DEBUG: handleApi action=list_organizations method=GET
[24-Jun-2026 14:12:27 Asia/Shanghai] DEBUG: handleApi action=list_classes method=GET
[24-Jun-2026 14:13:20 Asia/Shanghai] DEBUG: handleApi action=list_courses method=GET
[24-Jun-2026 14:13:20 Asia/Shanghai] DEBUG: handleApi action=list_organizations method=GET
[24-Jun-2026 14:13:20 Asia/Shanghai] DEBUG: handleApi action=list_classes method=GET
[24-Jun-2026 14:31:04 Asia/Shanghai] DEBUG: handleApi action=get_resources method=GET
[24-Jun-2026 14:31:04 Asia/Shanghai] DEBUG: handleApi action=get_stats method=GET
[24-Jun-2026 14:31:04 Asia/Shanghai] DEBUG: handleApi action=list_channels method=GET
[24-Jun-2026 14:31:04 Asia/Shanghai] DEBUG: handleApi action=get_employees method=GET
[24-Jun-2026 14:31:04 Asia/Shanghai] DEBUG: handleApi action=list_organizations method=GET
[24-Jun-2026 14:31:06 Asia/Shanghai] DEBUG: handleApi action=list_classes method=GET
[24-Jun-2026 14:31:07 Asia/Shanghai] DEBUG: handleApi action=list_class_students method=GET
[24-Jun-2026 14:31:09 Asia/Shanghai] DEBUG: handleApi action=list_schedules method=GET
[24-Jun-2026 14:34:03 Asia/Shanghai] DEBUG: handleApi action=list_class_students method=GET
[24-Jun-2026 14:34:04 Asia/Shanghai] DEBUG: handleApi action=get_available_students method=GET
[24-Jun-2026 14:34:10 Asia/Shanghai] DEBUG: handleApi action=add_class_student method=POST
[24-Jun-2026 14:34:10 Asia/Shanghai] DEBUG: handleApi action=get_available_students method=GET
[24-Jun-2026 14:34:10 Asia/Shanghai] DEBUG: handleApi action=list_class_students method=GET
[24-Jun-2026 14:43:12 Asia/Shanghai] DEBUG: handleApi action=get_resources method=GET
[24-Jun-2026 14:43:12 Asia/Shanghai] DEBUG: handleApi action=get_stats method=GET
[24-Jun-2026 14:43:12 Asia/Shanghai] DEBUG: handleApi action=list_channels method=GET
[24-Jun-2026 14:43:12 Asia/Shanghai] DEBUG: handleApi action=get_employees method=GET
[24-Jun-2026 14:43:12 Asia/Shanghai] DEBUG: handleApi action=list_organizations method=GET
[24-Jun-2026 14:43:15 Asia/Shanghai] DEBUG: handleApi action=get_resources method=GET
[24-Jun-2026 14:43:16 Asia/Shanghai] DEBUG: handleApi action=list_courses method=GET
[24-Jun-2026 14:43:17 Asia/Shanghai] DEBUG: handleApi action=list_students method=GET
[24-Jun-2026 14:44:05 Asia/Shanghai] DEBUG: handleApi action=get_resources method=GET
[24-Jun-2026 14:44:05 Asia/Shanghai] DEBUG: handleApi action=get_stats method=GET
[24-Jun-2026 14:44:05 Asia/Shanghai] DEBUG: handleApi action=list_channels method=GET
[24-Jun-2026 14:44:05 Asia/Shanghai] DEBUG: handleApi action=get_employees method=GET
[24-Jun-2026 14:44:05 Asia/Shanghai] DEBUG: handleApi action=list_organizations method=GET
[24-Jun-2026 14:44:06 Asia/Shanghai] DEBUG: handleApi action=list_classes method=GET
[24-Jun-2026 14:44:07 Asia/Shanghai] DEBUG: handleApi action=list_class_students method=GET
[24-Jun-2026 14:44:08 Asia/Shanghai] DEBUG: handleApi action=list_schedules method=GET
[24-Jun-2026 14:44:14 Asia/Shanghai] DEBUG: handleApi action=list_employees method=GET
[24-Jun-2026 14:44:14 Asia/Shanghai] DEBUG: handleApi action=list_classrooms method=GET
[24-Jun-2026 14:44:14 Asia/Shanghai] DEBUG: handleApi action=get_schedule method=GET
[24-Jun-2026 14:44:20 Asia/Shanghai] DEBUG: handleApi action=list_employees method=GET
[24-Jun-2026 14:44:20 Asia/Shanghai] DEBUG: handleApi action=list_classrooms method=GET
[24-Jun-2026 14:44:26 Asia/Shanghai] DEBUG: handleApi action=list_class_students method=GET
[24-Jun-2026 14:44:27 Asia/Shanghai] DEBUG: handleApi action=list_schedules method=GET
[24-Jun-2026 14:49:24 Asia/Shanghai] DEBUG: handleApi action=list_classes method=GET
[24-Jun-2026 14:49:38 Asia/Shanghai] DEBUG: handleApi action=list_class_students method=GET
[24-Jun-2026 14:49:40 Asia/Shanghai] DEBUG: handleApi action=list_schedules method=GET
[24-Jun-2026 14:50:06 Asia/Shanghai] DEBUG: handleApi action=list_employees method=GET
[24-Jun-2026 14:50:06 Asia/Shanghai] DEBUG: handleApi action=list_classrooms method=GET
[24-Jun-2026 14:50:40 Asia/Shanghai] DEBUG: handleApi action=add_schedule method=POST
[24-Jun-2026 14:50:40 Asia/Shanghai] DEBUG: handleApi action=list_schedules method=GET
[24-Jun-2026 14:50:53 Asia/Shanghai] DEBUG: handleApi action=get_employees method=GET
[24-Jun-2026 14:50:56 Asia/Shanghai] DEBUG: handleApi action=get_employees method=GET
[24-Jun-2026 14:50:56 Asia/Shanghai] DEBUG: handleApi action=list_organizations method=GET
[24-Jun-2026 14:50:56 Asia/Shanghai] DEBUG: handleApi action=list_positions method=GET
[24-Jun-2026 14:52:54 Asia/Shanghai] DEBUG: handleApi action=list_positions method=GET
[24-Jun-2026 14:53:02 Asia/Shanghai] DEBUG: handleApi action=add_position method=POST
[24-Jun-2026 14:53:02 Asia/Shanghai] DEBUG: handleApi action=list_positions method=GET
[24-Jun-2026 14:53:03 Asia/Shanghai] DEBUG: handleApi action=get_employees method=GET
[24-Jun-2026 14:53:07 Asia/Shanghai] DEBUG: handleApi action=get_employees method=GET
[24-Jun-2026 14:53:08 Asia/Shanghai] DEBUG: handleApi action=get_employees method=GET
[24-Jun-2026 14:53:08 Asia/Shanghai] DEBUG: handleApi action=list_organizations method=GET
[24-Jun-2026 14:53:08 Asia/Shanghai] DEBUG: handleApi action=list_positions method=GET
[24-Jun-2026 14:53:11 Asia/Shanghai] DEBUG: handleApi action=update_employee method=POST
[24-Jun-2026 14:53:11 Asia/Shanghai] DEBUG: handleApi action=get_employees method=GET
[24-Jun-2026 14:53:11 Asia/Shanghai] DEBUG: handleApi action=get_stats method=GET
[24-Jun-2026 14:53:15 Asia/Shanghai] DEBUG: handleApi action=get_employees method=GET
[24-Jun-2026 14:53:15 Asia/Shanghai] DEBUG: handleApi action=get_employees method=GET
[24-Jun-2026 14:53:15 Asia/Shanghai] DEBUG: handleApi action=list_organizations method=GET
[24-Jun-2026 14:53:15 Asia/Shanghai] DEBUG: handleApi action=list_positions method=GET
[24-Jun-2026 14:53:18 Asia/Shanghai] DEBUG: handleApi action=update_employee method=POST
[24-Jun-2026 14:53:18 Asia/Shanghai] DEBUG: handleApi action=get_employees method=GET
[24-Jun-2026 14:53:18 Asia/Shanghai] DEBUG: handleApi action=get_stats method=GET
[24-Jun-2026 14:53:18 Asia/Shanghai] DEBUG: handleApi action=get_employees method=GET
[24-Jun-2026 14:53:18 Asia/Shanghai] DEBUG: handleApi action=get_employees method=GET
[24-Jun-2026 14:53:18 Asia/Shanghai] DEBUG: handleApi action=list_organizations method=GET
[24-Jun-2026 14:53:18 Asia/Shanghai] DEBUG: handleApi action=list_positions method=GET
[24-Jun-2026 14:53:22 Asia/Shanghai] DEBUG: handleApi action=update_employee method=POST
[24-Jun-2026 14:53:22 Asia/Shanghai] DEBUG: handleApi action=get_employees method=GET
[24-Jun-2026 14:53:22 Asia/Shanghai] DEBUG: handleApi action=get_stats method=GET
[24-Jun-2026 14:55:37 Asia/Shanghai] DEBUG: handleApi action=list_classes method=GET
[24-Jun-2026 14:55:39 Asia/Shanghai] DEBUG: handleApi action=list_employees method=GET
[24-Jun-2026 14:55:39 Asia/Shanghai] DEBUG: handleApi action=list_classrooms method=GET
[24-Jun-2026 15:00:23 Asia/Shanghai] DEBUG: handleApi action=get_resources method=GET
[24-Jun-2026 15:00:23 Asia/Shanghai] DEBUG: handleApi action=get_stats method=GET
[24-Jun-2026 15:00:23 Asia/Shanghai] DEBUG: handleApi action=list_channels method=GET
[24-Jun-2026 15:00:24 Asia/Shanghai] DEBUG: handleApi action=get_employees method=GET
[24-Jun-2026 15:00:24 Asia/Shanghai] DEBUG: handleApi action=list_organizations method=GET
[24-Jun-2026 15:00:26 Asia/Shanghai] DEBUG: handleApi action=get_employees method=GET
[24-Jun-2026 15:00:31 Asia/Shanghai] DEBUG: handleApi action=get_employees method=GET
[24-Jun-2026 15:00:31 Asia/Shanghai] DEBUG: handleApi action=list_organizations method=GET
[24-Jun-2026 15:00:31 Asia/Shanghai] DEBUG: handleApi action=list_positions method=GET
[24-Jun-2026 15:00:34 Asia/Shanghai] DEBUG: handleApi action=update_employee method=POST
[24-Jun-2026 15:00:34 Asia/Shanghai] DEBUG: handleApi action=get_employees method=GET
[24-Jun-2026 15:00:34 Asia/Shanghai] DEBUG: handleApi action=get_stats method=GET
[24-Jun-2026 15:00:37 Asia/Shanghai] DEBUG: handleApi action=get_employees method=GET
[24-Jun-2026 15:00:37 Asia/Shanghai] DEBUG: handleApi action=get_employees method=GET
[24-Jun-2026 15:00:37 Asia/Shanghai] DEBUG: handleApi action=list_organizations method=GET
[24-Jun-2026 15:00:37 Asia/Shanghai] DEBUG: handleApi action=list_positions method=GET
[24-Jun-2026 15:00:40 Asia/Shanghai] DEBUG: handleApi action=update_employee method=POST
[24-Jun-2026 15:00:40 Asia/Shanghai] DEBUG: handleApi action=get_employees method=GET
[24-Jun-2026 15:00:40 Asia/Shanghai] DEBUG: handleApi action=get_stats method=GET
[24-Jun-2026 15:00:50 Asia/Shanghai] DEBUG: handleApi action=list_classes method=GET
[24-Jun-2026 15:00:58 Asia/Shanghai] DEBUG: handleApi action=get_employees method=GET
[24-Jun-2026 15:00:58 Asia/Shanghai] DEBUG: handleApi action=list_classrooms method=GET
[24-Jun-2026 15:01:12 Asia/Shanghai] DEBUG: handleApi action=list_students method=GET
[24-Jun-2026 15:01:18 Asia/Shanghai] DEBUG: handleApi action=get_student method=GET
[24-Jun-2026 15:01:18 Asia/Shanghai] DEBUG: handleApi action=get_student_courses method=GET
[24-Jun-2026 15:15:54 Asia/Shanghai] DEBUG: handleApi action=list_attendance method=GET
[24-Jun-2026 15:15:54 Asia/Shanghai] DEBUG: handleApi action=get_student_courses method=GET
[24-Jun-2026 15:38:26 Asia/Shanghai] DEBUG: handleApi action=list_subjects method=GET
[24-Jun-2026 15:38:31 Asia/Shanghai] DEBUG: handleApi action=list_courses method=GET
[24-Jun-2026 15:38:31 Asia/Shanghai] DEBUG: handleApi action=list_students method=GET
[24-Jun-2026 15:42:16 Asia/Shanghai] DEBUG: handleApi action=list_classes method=GET
[24-Jun-2026 15:42:18 Asia/Shanghai] DEBUG: handleApi action=list_courses method=GET
[24-Jun-2026 15:42:18 Asia/Shanghai] DEBUG: handleApi action=list_organizations method=GET
[24-Jun-2026 15:46:41 Asia/Shanghai] DEBUG: handleApi action=list_courses method=GET
[24-Jun-2026 15:46:42 Asia/Shanghai] DEBUG: handleApi action=list_subjects method=GET
[24-Jun-2026 15:46:42 Asia/Shanghai] DEBUG: handleApi action=list_organizations method=GET
[24-Jun-2026 15:46:59 Asia/Shanghai] DEBUG: handleApi action=add_course method=POST
[24-Jun-2026 15:46:59 Asia/Shanghai] DEBUG: handleApi action=list_courses method=GET
[24-Jun-2026 15:47:00 Asia/Shanghai] DEBUG: handleApi action=get_stats method=GET
[24-Jun-2026 15:47:01 Asia/Shanghai] DEBUG: handleApi action=list_subjects method=GET
[24-Jun-2026 15:47:01 Asia/Shanghai] DEBUG: handleApi action=list_organizations method=GET
[24-Jun-2026 15:47:13 Asia/Shanghai] DEBUG: handleApi action=add_course method=POST
[24-Jun-2026 15:47:13 Asia/Shanghai] DEBUG: handleApi action=list_courses method=GET
[24-Jun-2026 15:47:13 Asia/Shanghai] DEBUG: handleApi action=get_stats method=GET
[24-Jun-2026 15:47:15 Asia/Shanghai] DEBUG: handleApi action=list_price_plans method=GET
[24-Jun-2026 15:47:22 Asia/Shanghai] DEBUG: handleApi action=save_price_plan method=POST
[24-Jun-2026 15:47:22 Asia/Shanghai] DEBUG: handleApi action=list_price_plans method=GET
[24-Jun-2026 15:47:36 Asia/Shanghai] DEBUG: handleApi action=save_price_plan method=POST
[24-Jun-2026 15:47:36 Asia/Shanghai] DEBUG: handleApi action=list_price_plans method=GET
[24-Jun-2026 15:47:47 Asia/Shanghai] DEBUG: handleApi action=save_price_plan method=POST
[24-Jun-2026 15:47:47 Asia/Shanghai] DEBUG: handleApi action=list_price_plans method=GET
[24-Jun-2026 15:47:51 Asia/Shanghai] DEBUG: handleApi action=list_price_plans method=GET
[24-Jun-2026 15:47:55 Asia/Shanghai] DEBUG: handleApi action=list_price_plans method=GET
[24-Jun-2026 15:47:58 Asia/Shanghai] DEBUG: handleApi action=list_price_plans method=GET
[24-Jun-2026 15:48:05 Asia/Shanghai] DEBUG: handleApi action=save_price_plan method=POST
[24-Jun-2026 15:48:05 Asia/Shanghai] DEBUG: handleApi action=list_price_plans method=GET
[24-Jun-2026 15:48:16 Asia/Shanghai] DEBUG: handleApi action=save_price_plan method=POST
[24-Jun-2026 15:48:16 Asia/Shanghai] DEBUG: handleApi action=list_price_plans method=GET
[24-Jun-2026 15:48:26 Asia/Shanghai] DEBUG: handleApi action=save_price_plan method=POST
[24-Jun-2026 15:48:26 Asia/Shanghai] DEBUG: handleApi action=list_price_plans method=GET
[24-Jun-2026 15:48:33 Asia/Shanghai] DEBUG: handleApi action=list_subjects method=GET
[24-Jun-2026 15:48:33 Asia/Shanghai] DEBUG: handleApi action=list_organizations method=GET
[24-Jun-2026 15:48:33 Asia/Shanghai] DEBUG: handleApi action=list_courses method=GET
[24-Jun-2026 15:48:36 Asia/Shanghai] DEBUG: handleApi action=update_course method=POST
[24-Jun-2026 15:48:36 Asia/Shanghai] DEBUG: handleApi action=list_courses method=GET
[24-Jun-2026 15:48:36 Asia/Shanghai] DEBUG: handleApi action=get_stats method=GET
[24-Jun-2026 15:48:40 Asia/Shanghai] DEBUG: handleApi action=list_subjects method=GET
[24-Jun-2026 15:48:40 Asia/Shanghai] DEBUG: handleApi action=list_organizations method=GET
[24-Jun-2026 15:48:40 Asia/Shanghai] DEBUG: handleApi action=list_courses method=GET
[24-Jun-2026 15:48:43 Asia/Shanghai] DEBUG: handleApi action=update_course method=POST
[24-Jun-2026 15:48:43 Asia/Shanghai] DEBUG: handleApi action=list_courses method=GET
[24-Jun-2026 15:48:43 Asia/Shanghai] DEBUG: handleApi action=get_stats method=GET
[24-Jun-2026 15:48:48 Asia/Shanghai] DEBUG: handleApi action=list_subjects method=GET
[24-Jun-2026 15:48:48 Asia/Shanghai] DEBUG: handleApi action=list_organizations method=GET
[24-Jun-2026 15:48:48 Asia/Shanghai] DEBUG: handleApi action=list_courses method=GET
[24-Jun-2026 15:48:52 Asia/Shanghai] DEBUG: handleApi action=update_course method=POST
[24-Jun-2026 15:48:52 Asia/Shanghai] DEBUG: handleApi action=list_courses method=GET
[24-Jun-2026 15:48:52 Asia/Shanghai] DEBUG: handleApi action=get_stats method=GET
[24-Jun-2026 15:49:00 Asia/Shanghai] DEBUG: handleApi action=list_subjects method=GET
[24-Jun-2026 15:49:06 Asia/Shanghai] DEBUG: handleApi action=list_courses method=GET
[24-Jun-2026 15:49:23 Asia/Shanghai] DEBUG: handleApi action=get_resources method=GET
[24-Jun-2026 15:49:29 Asia/Shanghai] DEBUG: handleApi action=list_intention_levels method=GET
[24-Jun-2026 15:49:29 Asia/Shanghai] DEBUG: handleApi action=list_channels method=GET
[24-Jun-2026 15:49:29 Asia/Shanghai] DEBUG: handleApi action=get_employees method=GET
[24-Jun-2026 15:49:49 Asia/Shanghai] DEBUG: handleApi action=add_resource method=POST
[24-Jun-2026 15:49:49 Asia/Shanghai] DEBUG: handleApi action=get_resources method=GET
[24-Jun-2026 15:49:49 Asia/Shanghai] DEBUG: handleApi action=get_stats method=GET
[24-Jun-2026 15:49:52 Asia/Shanghai] DEBUG: handleApi action=get_resources method=GET
[24-Jun-2026 15:49:52 Asia/Shanghai] DEBUG: handleApi action=list_courses method=GET
[24-Jun-2026 15:49:54 Asia/Shanghai] DEBUG: handleApi action=get_course_plans method=GET
[24-Jun-2026 15:50:10 Asia/Shanghai] DEBUG: handleApi action=create_student_from_resource method=POST
[24-Jun-2026 15:50:10 Asia/Shanghai] DEBUG: handleApi action=pay_enroll method=POST
[24-Jun-2026 15:50:11 Asia/Shanghai] DEBUG: handleApi action=get_resources method=GET
[24-Jun-2026 15:50:13 Asia/Shanghai] DEBUG: handleApi action=get_resources method=GET
[24-Jun-2026 15:50:13 Asia/Shanghai] DEBUG: handleApi action=list_courses method=GET
[24-Jun-2026 15:50:16 Asia/Shanghai] DEBUG: handleApi action=get_course_plans method=GET
[24-Jun-2026 15:50:20 Asia/Shanghai] DEBUG: handleApi action=create_student_from_resource method=POST
[24-Jun-2026 15:50:20 Asia/Shanghai] DEBUG: handleApi action=pay_enroll method=POST
[24-Jun-2026 15:50:20 Asia/Shanghai] DEBUG: handleApi action=get_resources method=GET
[24-Jun-2026 15:50:25 Asia/Shanghai] DEBUG: handleApi action=get_resources method=GET
[24-Jun-2026 15:50:25 Asia/Shanghai] DEBUG: handleApi action=list_courses method=GET
[24-Jun-2026 15:50:27 Asia/Shanghai] DEBUG: handleApi action=get_course_plans method=GET
[24-Jun-2026 15:50:33 Asia/Shanghai] DEBUG: handleApi action=create_student_from_resource method=POST
[24-Jun-2026 15:50:33 Asia/Shanghai] DEBUG: handleApi action=pay_enroll method=POST
[24-Jun-2026 15:50:33 Asia/Shanghai] DEBUG: handleApi action=get_resources method=GET
[24-Jun-2026 15:50:35 Asia/Shanghai] DEBUG: handleApi action=get_resources method=GET
[24-Jun-2026 15:50:35 Asia/Shanghai] DEBUG: handleApi action=list_courses method=GET
[24-Jun-2026 15:50:37 Asia/Shanghai] DEBUG: handleApi action=get_course_plans method=GET
[24-Jun-2026 15:50:41 Asia/Shanghai] DEBUG: handleApi action=get_resources method=GET
[24-Jun-2026 15:50:43 Asia/Shanghai] DEBUG: handleApi action=list_students method=GET
[24-Jun-2026 15:50:44 Asia/Shanghai] DEBUG: handleApi action=get_student method=GET
[24-Jun-2026 15:50:44 Asia/Shanghai] DEBUG: handleApi action=get_student_courses method=GET
[24-Jun-2026 15:50:55 Asia/Shanghai] DEBUG: handleApi action=get_student method=GET
[24-Jun-2026 15:50:55 Asia/Shanghai] DEBUG: handleApi action=list_courses method=GET
[24-Jun-2026 15:50:57 Asia/Shanghai] DEBUG: handleApi action=get_course_plans method=GET
[24-Jun-2026 15:51:01 Asia/Shanghai] DEBUG: handleApi action=pay_enroll method=POST
[24-Jun-2026 15:51:01 Asia/Shanghai] DEBUG: handleApi action=get_student method=GET
[24-Jun-2026 15:51:01 Asia/Shanghai] DEBUG: handleApi action=get_student_courses method=GET
[24-Jun-2026 15:53:56 Asia/Shanghai] DEBUG: handleApi action=get_resources method=GET
[24-Jun-2026 15:53:56 Asia/Shanghai] DEBUG: handleApi action=get_employees method=GET
[24-Jun-2026 15:53:56 Asia/Shanghai] DEBUG: handleApi action=list_courses method=GET
[24-Jun-2026 15:53:56 Asia/Shanghai] DEBUG: handleApi action=get_student_courses?student_id=1 method=GET
[24-Jun-2026 15:55:57 Asia/Shanghai] DEBUG: handleApi action=get_student_courses method=GET
[24-Jun-2026 15:58:59 Asia/Shanghai] DEBUG: handleApi action=get_stats method=GET
[24-Jun-2026 15:58:59 Asia/Shanghai] DEBUG: handleApi action=list_channels method=GET
[24-Jun-2026 15:58:59 Asia/Shanghai] DEBUG: handleApi action=list_organizations method=GET
[24-Jun-2026 15:59:12 Asia/Shanghai] DEBUG: handleApi action=get_resources method=GET
[24-Jun-2026 15:59:12 Asia/Shanghai] DEBUG: handleApi action=get_appointments method=GET
[24-Jun-2026 15:59:12 Asia/Shanghai] DEBUG: handleApi action=get_sea_resources method=GET
[24-Jun-2026 15:59:12 Asia/Shanghai] DEBUG: handleApi action=get_employees method=GET
[24-Jun-2026 15:59:12 Asia/Shanghai] DEBUG: handleApi action=get_positions method=GET
[24-Jun-2026 15:59:12 Asia/Shanghai] DEBUG: handleApi action=list_courses method=GET
[24-Jun-2026 15:59:12 Asia/Shanghai] DEBUG: handleApi action=list_subjects method=GET
[24-Jun-2026 15:59:12 Asia/Shanghai] DEBUG: handleApi action=list_students method=GET
[24-Jun-2026 15:59:12 Asia/Shanghai] DEBUG: handleApi action=get_orders method=GET
[24-Jun-2026 15:59:12 Asia/Shanghai] DEBUG: handleApi action=get_classes method=GET
[24-Jun-2026 15:59:12 Asia/Shanghai] DEBUG: handleApi action=get_classrooms method=GET
[24-Jun-2026 16:11:30 Asia/Shanghai] DEBUG: handleApi action=get_resources method=GET
[24-Jun-2026 16:22:51 Asia/Shanghai] DEBUG: handleApi action=stats method=GET
[24-Jun-2026 16:22:51 Asia/Shanghai] DEBUG: handleApi action=listMyResources method=GET
[24-Jun-2026 16:23:22 Asia/Shanghai] DEBUG: handleApi action=get_stats method=GET
[24-Jun-2026 16:42:58 Asia/Shanghai] DEBUG: handleApi action=get_stats method=GET
[25-Jun-2026 09:12:48 Asia/Shanghai] DEBUG: handleApi action=get_resources method=GET
[25-Jun-2026 09:12:48 Asia/Shanghai] DEBUG: handleApi action=get_stats method=GET
[25-Jun-2026 09:12:48 Asia/Shanghai] DEBUG: handleApi action=list_channels method=GET
[25-Jun-2026 09:12:48 Asia/Shanghai] DEBUG: handleApi action=get_employees method=GET
[25-Jun-2026 09:12:48 Asia/Shanghai] DEBUG: handleApi action=list_organizations method=GET
[25-Jun-2026 09:16:22 Asia/Shanghai] DEBUG: handleApi action=get_stats method=GET
[25-Jun-2026 09:19:40 Asia/Shanghai] DEBUG: handleApi action=get_resources method=GET
[25-Jun-2026 09:19:40 Asia/Shanghai] DEBUG: handleApi action=get_stats method=GET
[25-Jun-2026 09:19:40 Asia/Shanghai] DEBUG: handleApi action=list_channels method=GET
[25-Jun-2026 09:19:40 Asia/Shanghai] DEBUG: handleApi action=get_employees method=GET
[25-Jun-2026 09:19:40 Asia/Shanghai] DEBUG: handleApi action=list_organizations method=GET
[25-Jun-2026 09:19:42 Asia/Shanghai] DEBUG: handleApi action=get_appointments method=GET
[25-Jun-2026 09:19:43 Asia/Shanghai] DEBUG: handleApi action=get_resources method=GET
[25-Jun-2026 09:19:48 Asia/Shanghai] DEBUG: handleApi action=list_students method=GET
[25-Jun-2026 09:34:32 Asia/Shanghai] DEBUG: handleApi action=get_stats method=GET
[25-Jun-2026 09:34:32 Asia/Shanghai] DEBUG: handleApi action=get_resources method=GET
[25-Jun-2026 09:34:32 Asia/Shanghai] DEBUG: handleApi action=list_channels method=GET
[25-Jun-2026 09:34:32 Asia/Shanghai] DEBUG: handleApi action=get_employees method=GET
[25-Jun-2026 09:34:32 Asia/Shanghai] DEBUG: handleApi action=list_organizations method=GET
[25-Jun-2026 09:34:35 Asia/Shanghai] DEBUG: handleApi action=get_resources method=GET
[25-Jun-2026 09:34:35 Asia/Shanghai] DEBUG: handleApi action=get_employees method=GET
[25-Jun-2026 09:34:35 Asia/Shanghai] DEBUG: handleApi action=list_channels method=GET
[25-Jun-2026 09:34:35 Asia/Shanghai] DEBUG: handleApi action=list_intention_levels method=GET
[25-Jun-2026 09:34:47 Asia/Shanghai] DEBUG: handleApi action=list_students method=GET
[25-Jun-2026 09:34:49 Asia/Shanghai] DEBUG: handleApi action=get_student method=GET
[25-Jun-2026 09:34:49 Asia/Shanghai] DEBUG: handleApi action=list_courses method=GET
[25-Jun-2026 09:34:51 Asia/Shanghai] DEBUG: handleApi action=get_course_plans method=GET
[25-Jun-2026 09:34:52 Asia/Shanghai] DEBUG: handleApi action=list_courses method=GET
[25-Jun-2026 09:34:56 Asia/Shanghai] DEBUG: handleApi action=list_students method=GET
[25-Jun-2026 09:34:58 Asia/Shanghai] DEBUG: handleApi action=get_resources method=GET
[25-Jun-2026 09:35:03 Asia/Shanghai] DEBUG: handleApi action=list_courses method=GET
[25-Jun-2026 09:36:37 Asia/Shanghai] DEBUG: handleApi action=get_resources method=GET
[25-Jun-2026 09:36:37 Asia/Shanghai] DEBUG: handleApi action=get_stats method=GET
[25-Jun-2026 09:36:37 Asia/Shanghai] DEBUG: handleApi action=list_channels method=GET
[25-Jun-2026 09:36:37 Asia/Shanghai] DEBUG: handleApi action=get_employees method=GET
[25-Jun-2026 09:36:37 Asia/Shanghai] DEBUG: handleApi action=list_organizations method=GET
[25-Jun-2026 09:36:53 Asia/Shanghai] DEBUG: handleApi action=list_courses method=GET
[25-Jun-2026 09:36:55 Asia/Shanghai] DEBUG: handleApi action=list_classes method=GET
[25-Jun-2026 09:36:55 Asia/Shanghai] DEBUG: handleApi action=list_students method=GET
[25-Jun-2026 09:37:01 Asia/Shanghai] DEBUG: handleApi action=list_students method=GET
[25-Jun-2026 09:37:16 Asia/Shanghai] DEBUG: handleApi action=list_intention_levels method=GET
[25-Jun-2026 09:37:17 Asia/Shanghai] DEBUG: handleApi action=list_basic_types method=GET
[25-Jun-2026 09:38:01 Asia/Shanghai] DEBUG: handleApi action=get_resources method=GET
[25-Jun-2026 09:38:04 Asia/Shanghai] DEBUG: handleApi action=get_resources method=GET
[25-Jun-2026 09:38:06 Asia/Shanghai] DEBUG: handleApi action=get_resources method=GET
[25-Jun-2026 09:38:10 Asia/Shanghai] DEBUG: handleApi action=get_resources method=GET
[25-Jun-2026 09:38:10 Asia/Shanghai] DEBUG: handleApi action=get_employees method=GET
[25-Jun-2026 09:38:10 Asia/Shanghai] DEBUG: handleApi action=list_channels method=GET
[25-Jun-2026 09:38:10 Asia/Shanghai] DEBUG: handleApi action=list_intention_levels method=GET
[25-Jun-2026 09:38:10 Asia/Shanghai] DEBUG: handleApi action=get_resources method=GET
[25-Jun-2026 09:38:10 Asia/Shanghai] DEBUG: handleApi action=get_employees method=GET
[25-Jun-2026 09:38:11 Asia/Shanghai] DEBUG: handleApi action=list_channels method=GET
[25-Jun-2026 09:38:11 Asia/Shanghai] DEBUG: handleApi action=list_intention_levels method=GET
[25-Jun-2026 09:38:13 Asia/Shanghai] DEBUG: handleApi action=update_resource method=POST
[25-Jun-2026 09:38:13 Asia/Shanghai] DEBUG: handleApi action=get_resources method=GET
[25-Jun-2026 09:38:13 Asia/Shanghai] DEBUG: handleApi action=get_stats method=GET
[25-Jun-2026 09:38:17 Asia/Shanghai] DEBUG: handleApi action=get_resources method=GET
[25-Jun-2026 09:48:56 Asia/Shanghai] DEBUG: handleApi action=get_resources method=GET
[25-Jun-2026 09:48:56 Asia/Shanghai] DEBUG: handleApi action=get_stats method=GET
[25-Jun-2026 09:48:56 Asia/Shanghai] DEBUG: handleApi action=list_channels method=GET
[25-Jun-2026 09:48:56 Asia/Shanghai] DEBUG: handleApi action=list_organizations method=GET
[25-Jun-2026 09:48:56 Asia/Shanghai] DEBUG: handleApi action=get_employees method=GET
[25-Jun-2026 09:48:59 Asia/Shanghai] DEBUG: handleApi action=list_classes method=GET
[25-Jun-2026 09:49:01 Asia/Shanghai] DEBUG: handleApi action=list_courses method=GET
[25-Jun-2026 09:49:01 Asia/Shanghai] DEBUG: handleApi action=list_subjects method=GET
[25-Jun-2026 09:49:01 Asia/Shanghai] DEBUG: handleApi action=list_organizations method=GET
[25-Jun-2026 09:51:06 Asia/Shanghai] DEBUG: handleApi action=get_resources method=GET
[25-Jun-2026 09:51:06 Asia/Shanghai] DEBUG: handleApi action=get_stats method=GET
[25-Jun-2026 09:51:06 Asia/Shanghai] DEBUG: handleApi action=list_channels method=GET
[25-Jun-2026 09:51:06 Asia/Shanghai] DEBUG: handleApi action=get_employees method=GET
[25-Jun-2026 09:51:06 Asia/Shanghai] DEBUG: handleApi action=list_organizations method=GET
[25-Jun-2026 09:51:07 Asia/Shanghai] DEBUG: handleApi action=list_basic_types method=GET
[25-Jun-2026 09:51:07 Asia/Shanghai] DEBUG: handleApi action=get_resources method=GET
[25-Jun-2026 09:51:12 Asia/Shanghai] DEBUG: handleApi action=get_employees method=GET
[25-Jun-2026 09:51:14 Asia/Shanghai] DEBUG: handleApi action=get_resources method=GET
[25-Jun-2026 09:51:17 Asia/Shanghai] DEBUG: handleApi action=list_courses method=GET
[25-Jun-2026 09:51:18 Asia/Shanghai] DEBUG: handleApi action=list_students method=GET
[25-Jun-2026 09:51:28 Asia/Shanghai] DEBUG: handleApi action=list_courses method=GET
[25-Jun-2026 09:51:30 Asia/Shanghai] DEBUG: handleApi action=list_orders method=GET
